// Jest Snapshot v1, https://goo.gl/fbAQLP

exports[`AboutUs component renders AboutUs 1`] = `
<ContextProvider
  value={
    Object {
      "handleChange": [Function],
      "theme": "standard",
    }
  }
>
  <AboutUs />
</ContextProvider>
`;
